Microchip MPLAB XC8 Compiler V2.35

Linker command line:

-W-3 --edf=C:\Program Files\Microchip\xc8\v2.35\pic\dat\en_msgs.txt -cn \
  -h+dist/default/production\PROYECTO2_PIC2.X.production.sym \
  --cmf=dist/default/production\PROYECTO2_PIC2.X.production.cmf -z -Q16F887 \
  -oC:\Users\CATU\AppData\Local\Temp\xcAscus.4 --defsym=__MPLAB_BUILD=1 \
  -Mdist/default/production/PROYECTO2_PIC2.X.production.map \
  --md=C:\Users\CATU\AppData\Local\Temp\xcAscus.dat -E1 -ver=XC8 Compiler \
  --acfsm=1493 -ACODE=00h-07FFhx4 -ASTRCODE=00h-01FFFh -ASTRING=00h-0FFhx32 \
  -ACONST=00h-0FFhx32 -AENTRY=00h-0FFhx32 -ACOMMON=070h-07Fh \
  -ABANK0=020h-06Fh -ABANK1=0A0h-0EFh -ABANK2=0110h-016Fh \
  -ABANK3=0190h-01EFh -ARAM=020h-06Fh,0A0h-0EFh,0110h-016Fh,0190h-01EFh \
  -AABS1=020h-07Fh,0A0h-0EFh,0110h-016Fh,0190h-01EFh -ASFR0=00h-01Fh \
  -ASFR1=080h-09Fh -ASFR2=0100h-010Fh -ASFR3=0180h-018Fh \
  -ACONFIG=02007h-02008h -DCONFIG=2 -AIDLOC=02000h-02003h -DIDLOC=2 \
  -AEEDATA=00h-0FFh/02100h -peeprom_data=EEDATA -DEEDATA=2 -DCODE=2 \
  -DSTRCODE=2 -DSTRING=2 -DCONST=2 -DENTRY=2 \
  -preset_vec=00h,intentry=04h,init,end_init -ppowerup=CODE -pcinit=CODE \
  -pfunctab=ENTRY -k C:\Users\CATU\AppData\Local\Temp\xcAscus.o \
  dist/default/production\PROYECTO2_PIC2.X.production.o 

Object code version is 3.11

Machine type is 16F887



                Name                               Link     Load   Length Selector   Space Scale
C:\Users\CATU\AppData\Local\Temp\xcAscus.o
                end_init                             10       10        3        8       0
                reset_vec                             0        0        3        0       0
                config                             2007     2007        2        0       4
                idloc                              2000     2000        4        0       5
dist/default/production\PROYECTO2_PIC2.X.production.o
                cinit                                13       13       11        8       0
                intentry                              4        4        C        8       0
                config                             2007     2007        2        0       4
                idloc                              2000     2000        4        0       5
                text9                               385      385      288        8       0
                text8                               60D      60D      1DD        8       0
                text7                               CBD      CBD       27     197A       0
                text6                                24       24      361        8       0
                text5                               D4F      D4F       9C     1A9E       0
                text4                               F46      F46       BA     1E8C       0
                text3                               E94      E94       B2     1D28       0
                text2                               DEB      DEB       A9     1BD6       0
                text1                               CE4      CE4       6B     19C8       0
                maintext                            7EA      7EA        9        8       0
                cstackBANK0                          20       20       4F       20       1
                cstackCOMMON                         70       70        E       70       1
                cstackBANK1                          A0       A0       10       A0       1
                bssBANK1                             B0       B0        8       A0       1
                bssBANK0                             6F       6F        1       20       1

TOTAL           Name                               Link     Load   Length     Space
        CLASS   CODE           
                end_init                             10       10        3         0
                cinit                                13       13       11         0
                intentry                              4        4        C         0
                reset_vec                             0        0        3         0
                text9                               385      385      288         0
                text8                               60D      60D      1DD         0
                text7                               CBD      CBD       27         0
                text6                                24       24      361         0
                text5                               D4F      D4F       9C         0
                text4                               F46      F46       BA         0
                text3                               E94      E94       B2         0
                text2                               DEB      DEB       A9         0
                text1                               CE4      CE4       6B         0
                maintext                            7EA      7EA        9         0

        CLASS   STRCODE        

        CLASS   STRING         

        CLASS   CONST          

        CLASS   ENTRY          

        CLASS   COMMON         
                cstackCOMMON                         70       70        E         1

        CLASS   BANK0          
                cstackBANK0                          20       20       4F         1
                bssBANK0                             6F       6F        1         1

        CLASS   BANK1          
                cstackBANK1                          A0       A0       10         1
                bssBANK1                             B0       B0        8         1

        CLASS   BANK2          

        CLASS   BANK3          

        CLASS   RAM            

        CLASS   ABS1           
                abs_s1                               7E       7E        2         1

        CLASS   SFR0           

        CLASS   SFR1           

        CLASS   SFR2           

        CLASS   SFR3           

        CLASS   CONFIG         
                config                             2007     2007        2         4

        CLASS   IDLOC          
                idloc                              2000     2000        4         5

        CLASS   EEDATA         

        CLASS   STACK          



SEGMENTS        Name                           Load    Length   Top    Selector   Space  Class     Delta

                reset_vec                      000000  000003  000003         0       0  CODE        2
                intentry                       000004  0007EF  0007F3         8       0  CODE        2
                cstackBANK0                    000020  000050  000070        20       1  BANK0       1
                cstackCOMMON                   000070  00000E  00007E        70       1  COMMON      1
                cstackBANK1                    0000A0  000018  0000B8        A0       1  BANK1       1
                text7                          000CBD  000027  000CE4      197A       0  CODE        2
                text1                          000CE4  00006B  000D4F      19C8       0  CODE        2
                text5                          000D4F  00009C  000DEB      1A9E       0  CODE        2
                text2                          000DEB  0000A9  000E94      1BD6       0  CODE        2
                text3                          000E94  0000B2  000F46      1D28       0  CODE        2
                text4                          000F46  0000BA  001000      1E8C       0  CODE        2


UNUSED ADDRESS RANGES

        Name                Unused          Largest block    Delta
        BANK1            00B8-00EF             38           1
        BANK2            0110-016F             60           1
        BANK3            0190-01EF             60           1
        CODE             0003-0003              1           2
                         07F3-0CBC              D
                         1000-1FFF            800
        CONST            0003-0003              1           2
                         07F3-0CBC            100
                         1000-1FFF            100
        EEDATA           2100-21FF            100           2
        ENTRY            0003-0003              1           2
                         07F3-0CBC            100
                         1000-1FFF            100
        RAM              00B8-00EF             38           1
                         0110-016F             60
                         0190-01EF             60
        SFR0             0000-001F             20           1
        SFR1             0080-009F             20           1
        SFR2             0100-010F             10           1
        SFR3             0180-018F             10           1
        STRCODE          0003-0003              1           2
                         07F3-0CBC            4CA
                         1000-1FFF           1000
        STRING           0003-0003              1           2
                         07F3-0CBC            100
                         1000-1FFF            100

                                  Symbol Table

?__Umul8_16              cstackCOMMON 0070
?___fladd                cstackBANK0  0054
?___fldiv                cstackBANK0  0020
?___flmul                cstackBANK0  003A
?___fltol                cstackBANK0  0068
?___xxtofl               cstackCOMMON 0070
?_map                    cstackBANK1  00A5
_ANSEL                   (abs)        0188
_ANSELH                  (abs)        0189
_BAUDCTLbits             (abs)        0187
_CCP1CON                 (abs)        0017
_CCP1CONbits             (abs)        0017
_CCP2CON                 (abs)        001D
_CCP2CONbits             (abs)        001D
_CCPR1L                  (abs)        0015
_CCPR2L                  (abs)        001B
_CCPR_3                  bssBANK1     00B3
_CCPR_4                  bssBANK1     00B2
_INTCONbits              (abs)        000B
_OSCCONbits              (abs)        008F
_PIE1bits                (abs)        008C
_PIR1bits                (abs)        000C
_PORTA                   (abs)        0005
_PORTB                   (abs)        0006
_PORTC                   (abs)        0007
_PORTD                   (abs)        0008
_PR2                     (abs)        0092
_RCREG                   (abs)        001A
_RCSTAbits               (abs)        0018
_SPBRG                   (abs)        0099
_SPBRGH                  (abs)        009A
_T2CONbits               (abs)        0012
_TRISA                   (abs)        0085
_TRISB                   (abs)        0086
_TRISCbits               (abs)        0087
_TRISD                   (abs)        0088
_TXSTAbits               (abs)        0098
__Habs1                  abs1         0000
__Hbank0                 bank0        0000
__Hbank1                 bank1        0000
__Hbank2                 bank2        0000
__Hbank3                 bank3        0000
__HbssBANK0              bssBANK0     0000
__HbssBANK1              bssBANK1     0000
__Hcinit                 cinit        0024
__Hclrtext               clrtext      0000
__Hcode                  code         0000
__Hcommon                common       0000
__Hconfig                config       2009
__HcstackBANK0           cstackBANK0  0000
__HcstackBANK1           cstackBANK1  0000
__HcstackCOMMON          cstackCOMMON 0000
__Heeprom_data           eeprom_data  0000
__Hend_init              end_init     0013
__Hfunctab               functab      0000
__Hidloc                 idloc        2004
__Hinit                  init         0010
__Hintentry              intentry     0010
__Hmaintext              maintext     0000
__Hpowerup               powerup      0000
__Hram                   ram          0000
__Hreset_vec             reset_vec    0003
__Hsfr0                  sfr0         0000
__Hsfr1                  sfr1         0000
__Hsfr2                  sfr2         0000
__Hsfr3                  sfr3         0000
__Hspace_0               (abs)        1000
__Hspace_1               (abs)        00B8
__Hspace_2               (abs)        0000
__Hspace_3               (abs)        0000
__Hspace_4               (abs)        4010
__Hstack                 stack        0000
__Hstrings               strings      0000
__Htext                  text         0000
__Labs1                  abs1         0000
__Lbank0                 bank0        0000
__Lbank1                 bank1        0000
__Lbank2                 bank2        0000
__Lbank3                 bank3        0000
__LbssBANK0              bssBANK0     0000
__LbssBANK1              bssBANK1     0000
__Lcinit                 cinit        0013
__Lclrtext               clrtext      0000
__Lcode                  code         0000
__Lcommon                common       0000
__Lconfig                config       0000
__LcstackBANK0           cstackBANK0  0000
__LcstackBANK1           cstackBANK1  0000
__LcstackCOMMON          cstackCOMMON 0000
__Leeprom_data           eeprom_data  0000
__Lend_init              end_init     0010
__Lfunctab               functab      0000
__Lidloc                 idloc        0000
__Linit                  init         0010
__Lintentry              intentry     0004
__Lmaintext              maintext     0000
__Lpowerup               powerup      0000
__Lram                   ram          0000
__Lreset_vec             reset_vec    0000
__Lsfr0                  sfr0         0000
__Lsfr1                  sfr1         0000
__Lsfr2                  sfr2         0000
__Lsfr3                  sfr3         0000
__Lspace_0               (abs)        0000
__Lspace_1               (abs)        0000
__Lspace_2               (abs)        0000
__Lspace_3               (abs)        0000
__Lspace_4               (abs)        0000
__Lstack                 stack        0000
__Lstrings               strings      0000
__Ltext                  text         0000
__S0                     (abs)        1000
__S1                     (abs)        00B8
__S3                     (abs)        0000
__Umul8_16               text7        0CBD
__Umul8_16@multiplicand  cstackCOMMON 0070
__Umul8_16@multiplier    cstackCOMMON 0078
__Umul8_16@product       cstackCOMMON 0074
__Umul8_16@word_mpld     cstackCOMMON 0076
___fladd                 text9        0385
___fladd@a               cstackBANK0  0058
___fladd@aexp            cstackBANK0  0065
___fladd@b               cstackBANK0  0054
___fladd@bexp            cstackBANK0  0066
___fladd@grs             cstackBANK0  0067
___fladd@signs           cstackBANK0  0064
___fldiv                 text8        060D
___fldiv@a               cstackBANK0  0020
___fldiv@aexp            cstackBANK0  0039
___fldiv@b               cstackBANK0  0024
___fldiv@bexp            cstackBANK0  0038
___fldiv@grs             cstackBANK0  0034
___fldiv@new_exp         cstackBANK0  0032
___fldiv@rem             cstackBANK0  002D
___fldiv@sign            cstackBANK0  0031
___flmul                 text6        0024
___flmul@a               cstackBANK0  003E
___flmul@aexp            cstackBANK0  004C
___flmul@b               cstackBANK0  003A
___flmul@bexp            cstackBANK0  004D
___flmul@grs             cstackBANK0  0048
___flmul@prod            cstackBANK0  004E
___flmul@sign            cstackBANK0  0047
___flmul@temp            cstackBANK0  0052
___fltol                 text5        0D4F
___fltol@exp1            cstackBANK0  006D
___fltol@f1              cstackBANK0  0068
___fltol@sign1           cstackBANK0  006C
___int_sp                stack        0000
___latbits               (abs)        0002
___sp                    stack        0000
___stackhi               (abs)        0000
___stacklo               (abs)        0000
___xxtofl                text4        0F46
___xxtofl@arg            cstackCOMMON 007A
___xxtofl@exp            cstackCOMMON 0079
___xxtofl@sign           cstackCOMMON 0078
___xxtofl@val            cstackCOMMON 0070
__end_of__Umul8_16       text7        0CE4
__end_of___fladd         text9        060D
__end_of___fldiv         text8        07EA
__end_of___flmul         text6        0385
__end_of___fltol         text5        0DEB
__end_of___xxtofl        text4        1000
__end_of__initialization cinit        0020
__end_of_isr             text2        0E94
__end_of_main            maintext     07F3
__end_of_map             text3        0F46
__end_of_setup           text1        0D4F
__initialization         cinit        0013
__pbssBANK0              bssBANK0     006F
__pbssBANK1              bssBANK1     00B0
__pcstackBANK0           cstackBANK0  0020
__pcstackBANK1           cstackBANK1  00A0
__pcstackCOMMON          cstackCOMMON 0070
__pintentry              intentry     0004
__pmaintext              maintext     07EA
__ptext1                 text1        0CE4
__ptext2                 text2        0DEB
__ptext3                 text3        0E94
__ptext4                 text4        0F46
__ptext5                 text5        0D4F
__ptext6                 text6        0024
__ptext7                 text7        0CBD
__ptext8                 text8        060D
__ptext9                 text9        0385
_bit_envio               bssBANK1     00B4
_entrada                 bssBANK1     00B7
_isr                     text2        0DEB
_main                    maintext     07EA
_map                     text3        0E94
_setup                   text1        0CE4
btemp                    (abs)        007E
end_of_initialization    cinit        0020
interrupt_function       intentry     0004
intlevel0                functab      0000
intlevel1                functab      0000
intlevel2                functab      0000
intlevel3                functab      0000
intlevel4                functab      0000
intlevel5                functab      0000
map@x                    cstackBANK0  006E
map@x0                   cstackBANK1  00A5
map@x1                   cstackBANK1  00A6
map@y0                   cstackBANK1  00A7
map@y1                   cstackBANK1  00A9
reset_vec                reset_vec    0000
saved_w                  (abs)        007E
start                    init         0010
start_initialization     cinit        0013
wtemp0                   (abs)        007E


MODULE INFORMATION

Module		Function		Class		Link	Load	Size
C:\Program Files\Microchip\xc8\v2.35\pic\sources\c90\common\xxtofl.c
		___xxtofl      		CODE           	0F46	0000	186

C:\Program Files\Microchip\xc8\v2.35\pic\sources\c90\common\xxtofl.c estimated size: 186

C:\Program Files\Microchip\xc8\v2.35\pic\sources\c90\common\fltol.c
		___fltol       		CODE           	0D4F	0000	156

C:\Program Files\Microchip\xc8\v2.35\pic\sources\c90\common\fltol.c estimated size: 156

C:\Program Files\Microchip\xc8\v2.35\pic\sources\c90\common\sprcmul.c
		___flmul       		CODE           	0024	0000	865

C:\Program Files\Microchip\xc8\v2.35\pic\sources\c90\common\sprcmul.c estimated size: 865

C:\Program Files\Microchip\xc8\v2.35\pic\sources\c90\common\sprcdiv.c
		___fldiv       		CODE           	060D	0000	477

C:\Program Files\Microchip\xc8\v2.35\pic\sources\c90\common\sprcdiv.c estimated size: 477

shared
		__initialization		CODE           	0013	0000	13

shared estimated size: 13

C:\Program Files\Microchip\xc8\v2.35\pic\sources\c90\common\Umul8_16.c
		__Umul8_16     		CODE           	0CBD	0000	39

C:\Program Files\Microchip\xc8\v2.35\pic\sources\c90\common\Umul8_16.c estimated size: 39

main.c
		_map           		CODE           	0E94	0000	178
		_main          		CODE           	07EA	0000	9
		_isr           		CODE           	0DEB	0000	169
		_setup         		CODE           	0CE4	0000	107

main.c estimated size: 463

C:\Program Files\Microchip\xc8\v2.35\pic\sources\c90\common\sprcadd.c
		___fladd       		CODE           	0385	0000	648

C:\Program Files\Microchip\xc8\v2.35\pic\sources\c90\common\sprcadd.c estimated size: 648

